
> jukeboxd@1.0.0 test
> jest src/services/SocialService.test.ts

node.exe : FAIL src/s
ervices/SocialService
.test.ts
At line:1 char:1
+ & "C:\Program Files
\nodejs/node.exe" 
"C:\Program 
Files\nodejs/node_mo 
...
+ ~~~~~~~~~~~~~~~~~~~
~~~~~~~~~~~~~~~~~~~~~
~~~~~~~~~~~~~~~~~~~~~
~~~~~~~~
    + CategoryInfo   
           : 
NotSpecified: (F    
AIL 
src/services/Soci    
alService.test.ts:Str
    ing) [], 
RemoteExcept    ion
    + 
FullyQualifiedError  
  Id : 
NativeCommandErr    
or
 
  ΓùÅ Test suite 
failed to run

    [96msrc/services
/SocialService.test.t
s[0m:[93m195[0m:[
93m14[0m - 
[91merror[0m[90m 
TS2532: [0mObject 
is possibly 
'undefined'.

    [7m195[0m      
 expect(mutualFollows
[0].id).toBe(testUser
2.id);
    [7m   [0m 
[91m             
~~~~~~~~~~~~~~~~[0m

Test Suites: 1 
failed, 1 total
Tests:       0 total
Snapshots:   0 total
Time:        4.767 s
Ran all test suites 
matching /src\\servic
es\\SocialService.tes
t.ts/i.
